// Jest Snapshot v1, https://goo.gl/fbAQLP

exports[`Project component matches snapshot DOM node structure 1`] = `
<DocumentFragment>
  <div
    class="pagesParentContainer container-fluid"
    data-testid="project-container"
    id="project-container"
  >
    <div
      class="pageHeader row"
    >
      <h2
        data-testid="project-section-header"
      >
        My Projects
      </h2>
    </div>
    <div
      class="row"
      data-testid="projects-card-row"
      id="projects-card-row"
    >
      <div
        class="col-md-4"
        data-projectname="Travelers Mobile"
        data-testid="Travelers Mobile-col"
      >
        <div
          class="card"
          data-testid="Travelers Mobile-card"
          style="background-size: cover; height: 25em; margin: 2em 1em 2em 1em; background-image: url(https://s3.us-east-2.amazonaws.com/dseskey.com/images/trvMobileApp.jpeg);"
        />
      </div>
      <div
        class="col-md-4"
        data-projectname="Noggle Boggle Trivia and Quiz Generator"
        data-testid="Noggle Boggle Trivia and Quiz Generator-col"
      >
        <div
          class="card"
          data-testid="Noggle Boggle Trivia and Quiz Generator-card"
          style="background-size: cover; height: 25em; margin: 2em 1em 2em 1em; background-image: url(https://s3.us-east-2.amazonaws.com/dseskey.com/images/trvMobileApp.jpeg);"
        />
      </div>
      <div
        class="col-md-4"
        data-projectname="Single Plant Irrigation System (SPIS)"
        data-testid="Single Plant Irrigation System (SPIS)-col"
      >
        <div
          class="card"
          data-testid="Single Plant Irrigation System (SPIS)-card"
          style="background-size: cover; height: 25em; margin: 2em 1em 2em 1em; background-image: url(https://s3.us-east-2.amazonaws.com/dseskey.com/images/trvMobileApp.jpeg);"
        />
      </div>
      <div
        class="col-md-4"
        data-projectname="Photography Portfolio"
        data-testid="Photography Portfolio-col"
      >
        <div
          class="card"
          data-testid="Photography Portfolio-card"
          style="background-size: cover; height: 25em; margin: 2em 1em 2em 1em; background-image: url(https://s3.us-east-2.amazonaws.com/dseskey.com/images/trvMobileApp.jpeg);"
        />
      </div>
    </div>
  </div>
</DocumentFragment>
`;
